Creating filesystem with 131072 1k blocks and 32768 inodes
Superblock backups stored on blocks: 
	1025, 3073, 5121, 7169, 9217, 25601, 27649, 50177, 82945, 128001

Allocating group tables:        done                            
Writing inode tables:        done                            
Writing superblocks and filesystem accounting information:        done

Filesystem features: ext_attr resize_inode dir_index filetype sparse_super
Pass 1: Checking inodes, blocks, and sizes
Pass 2: Checking directory structure
Pass 3: Checking directory connectivity
Pass 4: Checking reference counts
Pass 5: Checking group summary information
test_filesys: 11/32768 files (0.0% non-contiguous), 11334/131072 blocks
Exit status is 0
Filesystem volume name:   <none>
Last mounted on:          <not available>
Filesystem magic number:  0xEF53
Filesystem revision #:    1 (dynamic)
Filesystem features:      ext_attr resize_inode dir_index filetype sparse_super
Default mount options:    (none)
Filesystem state:         clean
Errors behavior:          Continue
Filesystem OS type:       Linux
Inode count:              32768
Block count:              131072
Reserved block count:     6553
Overhead clusters:        11320
Free blocks:              119738
Free inodes:              32757
First block:              1
Block size:               1024
Fragment size:            1024
Reserved GDT blocks:      256
Blocks per group:         1024
Fragments per group:      1024
Inodes per group:         256
Inode blocks per group:   64
RAID stride:              13
Mount count:              0
Check interval:           15552000 (6 months)
Reserved blocks uid:      0
Reserved blocks gid:      0
First inode:              11
Inode size:	          256
Required extra isize:     32
Desired extra isize:      32
Default directory hash:   half_md4


Group 0: (Blocks 1-1024)
  Primary superblock at 1, Group descriptors at 2-5
  Reserved GDT blocks at 6-261
  Block bitmap at 326 (+325), Inode bitmap at 327 (+326)
  Inode table at 262-325 (+261)
  683 free blocks, 245 free inodes, 2 directories
  Free blocks: 342-1024
  Free inodes: 12-256
Group 1: (Blocks 1025-2048)
  Backup superblock at 1025, Group descriptors at 1026-1029
  Reserved GDT blocks at 1030-1285
  Block bitmap at 1363 (+338), Inode bitmap at 1364 (+339)
  Inode table at 1286-1349 (+261)
  697 free blocks, 256 free inodes, 0 directories
  Free blocks: 1350-1362, 1365-2048
  Free inodes: 257-512
Group 2: (Blocks 2049-3072)
  Block bitmap at 2139 (+90), Inode bitmap at 2140 (+91)
  Inode table at 2049-2112
  958 free blocks, 256 free inodes, 0 directories
  Free blocks: 2113-2138, 2141-3072
  Free inodes: 513-768
Group 3: (Blocks 3073-4096)
  Backup superblock at 3073, Group descriptors at 3074-3077
  Reserved GDT blocks at 3078-3333
  Block bitmap at 3437 (+364), Inode bitmap at 3438 (+365)
  Inode table at 3334-3397 (+261)
  697 free blocks, 256 free inodes, 0 directories
  Free blocks: 3398-3436, 3439-4096
  Free inodes: 769-1024
Group 4: (Blocks 4097-5120)
  Block bitmap at 4213 (+116), Inode bitmap at 4214 (+117)
  Inode table at 4097-4160
  958 free blocks, 256 free inodes, 0 directories
  Free blocks: 4161-4212, 4215-5120
  Free inodes: 1025-1280
Group 5: (Blocks 5121-6144)
  Backup superblock at 5121, Group descriptors at 5122-5125
  Reserved GDT blocks at 5126-5381
  Block bitmap at 5511 (+390), Inode bitmap at 5512 (+391)
  Inode table at 5382-5445 (+261)
  697 free blocks, 256 free inodes, 0 directories
  Free blocks: 5446-5510, 5513-6144
  Free inodes: 1281-1536
Group 6: (Blocks 6145-7168)
  Block bitmap at 6287 (+142), Inode bitmap at 6288 (+143)
  Inode table at 6145-6208
  958 free blocks, 256 free inodes, 0 directories
  Free blocks: 6209-6286, 6289-7168
  Free inodes: 1537-1792
Group 7: (Blocks 7169-8192)
  Backup superblock at 7169, Group descriptors at 7170-7173
  Reserved GDT blocks at 7174-7429
  Block bitmap at 7585 (+416), Inode bitmap at 7586 (+417)
  Inode table at 7430-7493 (+261)
  697 free blocks, 256 free inodes, 0 directories
  Free blocks: 7494-7584, 7587-8192
  Free inodes: 1793-2048
Group 8: (Blocks 8193-9216)
  Block bitmap at 8361 (+168), Inode bitmap at 8362 (+169)
  Inode table at 8193-8256
  958 free blocks, 256 free inodes, 0 directories
  Free blocks: 8257-8360, 8363-9216
  Free inodes: 2049-2304
Group 9: (Blocks 9217-10240)
  Backup superblock at 9217, Group descriptors at 9218-9221
  Reserved GDT blocks at 9222-9477
  Block bitmap at 9659 (+442), Inode bitmap at 9660 (+443)
  Inode table at 9478-9541 (+261)
  697 free blocks, 256 free inodes, 0 directories
  Free blocks: 9542-9658, 9661-10240
  Free inodes: 2305-2560
Group 10: (Blocks 10241-11264)
  Block bitmap at 10435 (+194), Inode bitmap at 10436 (+195)
  Inode table at 10241-10304
  958 free blocks, 256 free inodes, 0 directories
  Free blocks: 10305-10434, 10437-11264
  Free inodes: 2561-2816
Group 11: (Blocks 11265-12288)
  Block bitmap at 11472 (+207), Inode bitmap at 11473 (+208)
  Inode table at 11265-11328
  958 free blocks, 256 free inodes, 0 directories
  Free blocks: 11329-11471, 11474-12288
  Free inodes: 2817-3072
Group 12: (Blocks 12289-13312)
  Block bitmap at 12509 (+220), Inode bitmap at 12510 (+221)
  Inode table at 12289-12352
  958 free blocks, 256 free inodes, 0 directories
  Free blocks: 12353-12508, 12511-13312
  Free inodes: 3073-3328
Group 13: (Blocks 13313-14336)
  Block bitmap at 13546 (+233), Inode bitmap at 13547 (+234)
  Inode table at 13313-13376
  958 free blocks, 256 free inodes, 0 directories
  Free blocks: 13377-13545, 13548-14336
  Free inodes: 3329-3584
Group 14: (Blocks 14337-15360)
  Block bitmap at 14583 (+246), Inode bitmap at 14584 (+247)
  Inode table at 14337-14400
  958 free blocks, 256 free inodes, 0 directories
  Free blocks: 14401-14582, 14585-15360
  Free inodes: 3585-3840
Group 15: (Blocks 15361-16384)
  Block bitmap at 15620 (+259), Inode bitmap at 15621 (+260)
  Inode table at 15361-15424
  958 free blocks, 256 free inodes, 0 directories
  Free blocks: 15425-15619, 15622-16384
  Free inodes: 3841-4096
Group 16: (Blocks 16385-17408)
  Block bitmap at 16657 (+272), Inode bitmap at 16658 (+273)
  Inode table at 16385-16448
  958 free blocks, 256 free inodes, 0 directories
  Free blocks: 16449-16656, 16659-17408
  Free inodes: 4097-4352
Group 17: (Blocks 17409-18432)
  Block bitmap at 17694 (+285), Inode bitmap at 17695 (+286)
  Inode table at 17409-17472
  958 free blocks, 256 free inodes, 0 directories
  Free blocks: 17473-17693, 17696-18432
  Free inodes: 4353-4608
Group 18: (Blocks 18433-19456)
  Block bitmap at 18731 (+298), Inode bitmap at 18732 (+299)
  Inode table at 18433-18496
  958 free blocks, 256 free inodes, 0 directories
  Free blocks: 18497-18730, 18733-19456
  Free inodes: 4609-4864
Group 19: (Blocks 19457-20480)
  Block bitmap at 19768 (+311), Inode bitmap at 19769 (+312)
  Inode table at 19457-19520
  958 free blocks, 256 free inodes, 0 directories
  Free blocks: 19521-19767, 19770-20480
  Free inodes: 4865-5120
Group 20: (Blocks 20481-21504)
  Block bitmap at 20805 (+324), Inode bitmap at 20806 (+325)
  Inode table at 20481-20544
  958 free blocks, 256 free inodes, 0 directories
  Free blocks: 20545-20804, 20807-21504
  Free inodes: 5121-5376
Group 21: (Blocks 21505-22528)
  Block bitmap at 21842 (+337), Inode bitmap at 21843 (+338)
  Inode table at 21505-21568
  958 free blocks, 256 free inodes, 0 directories
  Free blocks: 21569-21841, 21844-22528
  Free inodes: 5377-5632
Group 22: (Blocks 22529-23552)
  Block bitmap at 22879 (+350), Inode bitmap at 22880 (+351)
  Inode table at 22529-22592
  958 free blocks, 256 free inodes, 0 directories
  Free blocks: 22593-22878, 22881-23552
  Free inodes: 5633-5888
Group 23: (Blocks 23553-24576)
  Block bitmap at 23916 (+363), Inode bitmap at 23917 (+364)
  Inode table at 23553-23616
  958 free blocks, 256 free inodes, 0 directories
  Free blocks: 23617-23915, 23918-24576
  Free inodes: 5889-6144
Group 24: (Blocks 24577-25600)
  Block bitmap at 24953 (+376), Inode bitmap at 24954 (+377)
  Inode table at 24577-24640
  958 free blocks, 256 free inodes, 0 directories
  Free blocks: 24641-24952, 24955-25600
  Free inodes: 6145-6400
Group 25: (Blocks 25601-26624)
  Backup superblock at 25601, Group descriptors at 25602-25605
  Reserved GDT blocks at 25606-25861
  Block bitmap at 26251 (+650), Inode bitmap at 26252 (+651)
  Inode table at 25862-25925 (+261)
  697 free blocks, 256 free inodes, 0 directories
  Free blocks: 25926-26250, 26253-26624
  Free inodes: 6401-6656
Group 26: (Blocks 26625-27648)
  Block bitmap at 27027 (+402), Inode bitmap at 27028 (+403)
  Inode table at 26625-26688
  958 free blocks, 256 free inodes, 0 directories
  Free blocks: 26689-27026, 27029-27648
  Free inodes: 6657-6912
Group 27: (Blocks 27649-28672)
  Backup superblock at 27649, Group descriptors at 27650-27653
  Reserved GDT blocks at 27654-27909
  Block bitmap at 28325 (+676), Inode bitmap at 28326 (+677)
  Inode table at 27910-27973 (+261)
  697 free blocks, 256 free inodes, 0 directories
  Free blocks: 27974-28324, 28327-28672
  Free inodes: 6913-7168
Group 28: (Blocks 28673-29696)
  Block bitmap at 29101 (+428), Inode bitmap at 29102 (+429)
  Inode table at 28673-28736
  958 free blocks, 256 free inodes, 0 directories
  Free blocks: 28737-29100, 29103-29696
  Free inodes: 7169-7424
Group 29: (Blocks 29697-30720)
  Block bitmap at 30138 (+441), Inode bitmap at 30139 (+442)
  Inode table at 29697-29760
  958 free blocks, 256 free inodes, 0 directories
  Free blocks: 29761-30137, 30140-30720
  Free inodes: 7425-7680
Group 30: (Blocks 30721-31744)
  Block bitmap at 31175 (+454), Inode bitmap at 31176 (+455)
  Inode table at 30721-30784
  958 free blocks, 256 free inodes, 0 directories
  Free blocks: 30785-31174, 31177-31744
  Free inodes: 7681-7936
Group 31: (Blocks 31745-32768)
  Block bitmap at 32212 (+467), Inode bitmap at 32213 (+468)
  Inode table at 31745-31808
  958 free blocks, 256 free inodes, 0 directories
  Free blocks: 31809-32211, 32214-32768
  Free inodes: 7937-8192
Group 32: (Blocks 32769-33792)
  Block bitmap at 33249 (+480), Inode bitmap at 33250 (+481)
  Inode table at 32769-32832
  958 free blocks, 256 free inodes, 0 directories
  Free blocks: 32833-33248, 33251-33792
  Free inodes: 8193-8448
Group 33: (Blocks 33793-34816)
  Block bitmap at 34286 (+493), Inode bitmap at 34287 (+494)
  Inode table at 33793-33856
  958 free blocks, 256 free inodes, 0 directories
  Free blocks: 33857-34285, 34288-34816
  Free inodes: 8449-8704
Group 34: (Blocks 34817-35840)
  Block bitmap at 35323 (+506), Inode bitmap at 35324 (+507)
  Inode table at 34817-34880
  958 free blocks, 256 free inodes, 0 directories
  Free blocks: 34881-35322, 35325-35840
  Free inodes: 8705-8960
Group 35: (Blocks 35841-36864)
  Block bitmap at 36360 (+519), Inode bitmap at 36361 (+520)
  Inode table at 35841-35904
  958 free blocks, 256 free inodes, 0 directories
  Free blocks: 35905-36359, 36362-36864
  Free inodes: 8961-9216
Group 36: (Blocks 36865-37888)
  Block bitmap at 37397 (+532), Inode bitmap at 37398 (+533)
  Inode table at 36865-36928
  958 free blocks, 256 free inodes, 0 directories
  Free blocks: 36929-37396, 37399-37888
  Free inodes: 9217-9472
Group 37: (Blocks 37889-38912)
  Block bitmap at 38434 (+545), Inode bitmap at 38435 (+546)
  Inode table at 37889-37952
  958 free blocks, 256 free inodes, 0 directories
  Free blocks: 37953-38433, 38436-38912
  Free inodes: 9473-9728
Group 38: (Blocks 38913-39936)
  Block bitmap at 39471 (+558), Inode bitmap at 39472 (+559)
  Inode table at 38913-38976
  958 free blocks, 256 free inodes, 0 directories
  Free blocks: 38977-39470, 39473-39936
  Free inodes: 9729-9984
Group 39: (Blocks 39937-40960)
  Block bitmap at 40508 (+571), Inode bitmap at 40509 (+572)
  Inode table at 39937-40000
  958 free blocks, 256 free inodes, 0 directories
  Free blocks: 40001-40507, 40510-40960
  Free inodes: 9985-10240
Group 40: (Blocks 40961-41984)
  Block bitmap at 41545 (+584), Inode bitmap at 41546 (+585)
  Inode table at 40961-41024
  958 free blocks, 256 free inodes, 0 directories
  Free blocks: 41025-41544, 41547-41984
  Free inodes: 10241-10496
Group 41: (Blocks 41985-43008)
  Block bitmap at 42582 (+597), Inode bitmap at 42583 (+598)
  Inode table at 41985-42048
  958 free blocks, 256 free inodes, 0 directories
  Free blocks: 42049-42581, 42584-43008
  Free inodes: 10497-10752
Group 42: (Blocks 43009-44032)
  Block bitmap at 43619 (+610), Inode bitmap at 43620 (+611)
  Inode table at 43009-43072
  958 free blocks, 256 free inodes, 0 directories
  Free blocks: 43073-43618, 43621-44032
  Free inodes: 10753-11008
Group 43: (Blocks 44033-45056)
  Block bitmap at 44656 (+623), Inode bitmap at 44657 (+624)
  Inode table at 44033-44096
  958 free blocks, 256 free inodes, 0 directories
  Free blocks: 44097-44655, 44658-45056
  Free inodes: 11009-11264
Group 44: (Blocks 45057-46080)
  Block bitmap at 45693 (+636), Inode bitmap at 45694 (+637)
  Inode table at 45057-45120
  958 free blocks, 256 free inodes, 0 directories
  Free blocks: 45121-45692, 45695-46080
  Free inodes: 11265-11520
Group 45: (Blocks 46081-47104)
  Block bitmap at 46730 (+649), Inode bitmap at 46731 (+650)
  Inode table at 46081-46144
  958 free blocks, 256 free inodes, 0 directories
  Free blocks: 46145-46729, 46732-47104
  Free inodes: 11521-11776
Group 46: (Blocks 47105-48128)
  Block bitmap at 47767 (+662), Inode bitmap at 47768 (+663)
  Inode table at 47105-47168
  958 free blocks, 256 free inodes, 0 directories
  Free blocks: 47169-47766, 47769-48128
  Free inodes: 11777-12032
Group 47: (Blocks 48129-49152)
  Block bitmap at 48804 (+675), Inode bitmap at 48805 (+676)
  Inode table at 48129-48192
  958 free blocks, 256 free inodes, 0 directories
  Free blocks: 48193-48803, 48806-49152
  Free inodes: 12033-12288
Group 48: (Blocks 49153-50176)
  Block bitmap at 49841 (+688), Inode bitmap at 49842 (+689)
  Inode table at 49153-49216
  958 free blocks, 256 free inodes, 0 directories
  Free blocks: 49217-49840, 49843-50176
  Free inodes: 12289-12544
Group 49: (Blocks 50177-51200)
  Backup superblock at 50177, Group descriptors at 50178-50181
  Reserved GDT blocks at 50182-50437
  Block bitmap at 51139 (+962), Inode bitmap at 51140 (+963)
  Inode table at 50438-50501 (+261)
  697 free blocks, 256 free inodes, 0 directories
  Free blocks: 50502-51138, 51141-51200
  Free inodes: 12545-12800
Group 50: (Blocks 51201-52224)
  Block bitmap at 51915 (+714), Inode bitmap at 51916 (+715)
  Inode table at 51201-51264
  958 free blocks, 256 free inodes, 0 directories
  Free blocks: 51265-51914, 51917-52224
  Free inodes: 12801-13056
Group 51: (Blocks 52225-53248)
  Block bitmap at 52952 (+727), Inode bitmap at 52953 (+728)
  Inode table at 52225-52288
  958 free blocks, 256 free inodes, 0 directories
  Free blocks: 52289-52951, 52954-53248
  Free inodes: 13057-13312
Group 52: (Blocks 53249-54272)
  Block bitmap at 53989 (+740), Inode bitmap at 53990 (+741)
  Inode table at 53249-53312
  958 free blocks, 256 free inodes, 0 directories
  Free blocks: 53313-53988, 53991-54272
  Free inodes: 13313-13568
Group 53: (Blocks 54273-55296)
  Block bitmap at 55026 (+753), Inode bitmap at 55027 (+754)
  Inode table at 54273-54336
  958 free blocks, 256 free inodes, 0 directories
  Free blocks: 54337-55025, 55028-55296
  Free inodes: 13569-13824
Group 54: (Blocks 55297-56320)
  Block bitmap at 56063 (+766), Inode bitmap at 56064 (+767)
  Inode table at 55297-55360
  958 free blocks, 256 free inodes, 0 directories
  Free blocks: 55361-56062, 56065-56320
  Free inodes: 13825-14080
Group 55: (Blocks 56321-57344)
  Block bitmap at 57100 (+779), Inode bitmap at 57101 (+780)
  Inode table at 56321-56384
  958 free blocks, 256 free inodes, 0 directories
  Free blocks: 56385-57099, 57102-57344
  Free inodes: 14081-14336
Group 56: (Blocks 57345-58368)
  Block bitmap at 58137 (+792), Inode bitmap at 58138 (+793)
  Inode table at 57345-57408
  958 free blocks, 256 free inodes, 0 directories
  Free blocks: 57409-58136, 58139-58368
  Free inodes: 14337-14592
Group 57: (Blocks 58369-59392)
  Block bitmap at 59174 (+805), Inode bitmap at 59175 (+806)
  Inode table at 58369-58432
  958 free blocks, 256 free inodes, 0 directories
  Free blocks: 58433-59173, 59176-59392
  Free inodes: 14593-14848
Group 58: (Blocks 59393-60416)
  Block bitmap at 60211 (+818), Inode bitmap at 60212 (+819)
  Inode table at 59393-59456
  958 free blocks, 256 free inodes, 0 directories
  Free blocks: 59457-60210, 60213-60416
  Free inodes: 14849-15104
Group 59: (Blocks 60417-61440)
  Block bitmap at 61248 (+831), Inode bitmap at 61249 (+832)
  Inode table at 60417-60480
  958 free blocks, 256 free inodes, 0 directories
  Free blocks: 60481-61247, 61250-61440
  Free inodes: 15105-15360
Group 60: (Blocks 61441-62464)
  Block bitmap at 62285 (+844), Inode bitmap at 62286 (+845)
  Inode table at 61441-61504
  958 free blocks, 256 free inodes, 0 directories
  Free blocks: 61505-62284, 62287-62464
  Free inodes: 15361-15616
Group 61: (Blocks 62465-63488)
  Block bitmap at 63322 (+857), Inode bitmap at 63323 (+858)
  Inode table at 62465-62528
  958 free blocks, 256 free inodes, 0 directories
  Free blocks: 62529-63321, 63324-63488
  Free inodes: 15617-15872
Group 62: (Blocks 63489-64512)
  Block bitmap at 64359 (+870), Inode bitmap at 64360 (+871)
  Inode table at 63489-63552
  958 free blocks, 256 free inodes, 0 directories
  Free blocks: 63553-64358, 64361-64512
  Free inodes: 15873-16128
Group 63: (Blocks 64513-65536)
  Block bitmap at 65396 (+883), Inode bitmap at 65397 (+884)
  Inode table at 64513-64576
  958 free blocks, 256 free inodes, 0 directories
  Free blocks: 64577-65395, 65398-65536
  Free inodes: 16129-16384
Group 64: (Blocks 65537-66560)
  Block bitmap at 66433 (+896), Inode bitmap at 66434 (+897)
  Inode table at 65537-65600
  958 free blocks, 256 free inodes, 0 directories
  Free blocks: 65601-66432, 66435-66560
  Free inodes: 16385-16640
Group 65: (Blocks 66561-67584)
  Block bitmap at 67470 (+909), Inode bitmap at 67471 (+910)
  Inode table at 66561-66624
  958 free blocks, 256 free inodes, 0 directories
  Free blocks: 66625-67469, 67472-67584
  Free inodes: 16641-16896
Group 66: (Blocks 67585-68608)
  Block bitmap at 68507 (+922), Inode bitmap at 68508 (+923)
  Inode table at 67585-67648
  958 free blocks, 256 free inodes, 0 directories
  Free blocks: 67649-68506, 68509-68608
  Free inodes: 16897-17152
Group 67: (Blocks 68609-69632)
  Block bitmap at 69544 (+935), Inode bitmap at 69545 (+936)
  Inode table at 68609-68672
  958 free blocks, 256 free inodes, 0 directories
  Free blocks: 68673-69543, 69546-69632
  Free inodes: 17153-17408
Group 68: (Blocks 69633-70656)
  Block bitmap at 70581 (+948), Inode bitmap at 70582 (+949)
  Inode table at 69633-69696
  958 free blocks, 256 free inodes, 0 directories
  Free blocks: 69697-70580, 70583-70656
  Free inodes: 17409-17664
Group 69: (Blocks 70657-71680)
  Block bitmap at 71618 (+961), Inode bitmap at 71619 (+962)
  Inode table at 70657-70720
  958 free blocks, 256 free inodes, 0 directories
  Free blocks: 70721-71617, 71620-71680
  Free inodes: 17665-17920
Group 70: (Blocks 71681-72704)
  Block bitmap at 72655 (+974), Inode bitmap at 72656 (+975)
  Inode table at 71681-71744
  958 free blocks, 256 free inodes, 0 directories
  Free blocks: 71745-72654, 72657-72704
  Free inodes: 17921-18176
Group 71: (Blocks 72705-73728)
  Block bitmap at 73692 (+987), Inode bitmap at 73693 (+988)
  Inode table at 72705-72768
  958 free blocks, 256 free inodes, 0 directories
  Free blocks: 72769-73691, 73694-73728
  Free inodes: 18177-18432
Group 72: (Blocks 73729-74752)
  Block bitmap at 74729 (+1000), Inode bitmap at 74730 (+1001)
  Inode table at 73729-73792
  958 free blocks, 256 free inodes, 0 directories
  Free blocks: 73793-74728, 74731-74752
  Free inodes: 18433-18688
Group 73: (Blocks 74753-75776)
  Block bitmap at 75766 (+1013), Inode bitmap at 75767 (+1014)
  Inode table at 74753-74816
  958 free blocks, 256 free inodes, 0 directories
  Free blocks: 74817-75765, 75768-75776
  Free inodes: 18689-18944
Group 74: (Blocks 75777-76800)
  Block bitmap at 75843 (+66), Inode bitmap at 75844 (+67)
  Inode table at 75777-75840
  958 free blocks, 256 free inodes, 0 directories
  Free blocks: 75841-75842, 75845-76800
  Free inodes: 18945-19200
Group 75: (Blocks 76801-77824)
  Block bitmap at 76880 (+79), Inode bitmap at 76881 (+80)
  Inode table at 76801-76864
  958 free blocks, 256 free inodes, 0 directories
  Free blocks: 76865-76879, 76882-77824
  Free inodes: 19201-19456
Group 76: (Blocks 77825-78848)
  Block bitmap at 77917 (+92), Inode bitmap at 77918 (+93)
  Inode table at 77825-77888
  958 free blocks, 256 free inodes, 0 directories
  Free blocks: 77889-77916, 77919-78848
  Free inodes: 19457-19712
Group 77: (Blocks 78849-79872)
  Block bitmap at 78954 (+105), Inode bitmap at 78955 (+106)
  Inode table at 78849-78912
  958 free blocks, 256 free inodes, 0 directories
  Free blocks: 78913-78953, 78956-79872
  Free inodes: 19713-19968
Group 78: (Blocks 79873-80896)
  Block bitmap at 79991 (+118), Inode bitmap at 79992 (+119)
  Inode table at 79873-79936
  958 free blocks, 256 free inodes, 0 directories
  Free blocks: 79937-79990, 79993-80896
  Free inodes: 19969-20224
Group 79: (Blocks 80897-81920)
  Block bitmap at 81028 (+131), Inode bitmap at 81029 (+132)
  Inode table at 80897-80960
  958 free blocks, 256 free inodes, 0 directories
  Free blocks: 80961-81027, 81030-81920
  Free inodes: 20225-20480
Group 80: (Blocks 81921-82944)
  Block bitmap at 82065 (+144), Inode bitmap at 82066 (+145)
  Inode table at 81921-81984
  958 free blocks, 256 free inodes, 0 directories
  Free blocks: 81985-82064, 82067-82944
  Free inodes: 20481-20736
Group 81: (Blocks 82945-83968)
  Backup superblock at 82945, Group descriptors at 82946-82949
  Reserved GDT blocks at 82950-83205
  Block bitmap at 83624 (+679), Inode bitmap at 83625 (+680)
  Inode table at 83206-83269 (+261)
  697 free blocks, 256 free inodes, 0 directories
  Free blocks: 83270-83623, 83626-83968
  Free inodes: 20737-20992
Group 82: (Blocks 83969-84992)
  Block bitmap at 84139 (+170), Inode bitmap at 84140 (+171)
  Inode table at 83969-84032
  958 free blocks, 256 free inodes, 0 directories
  Free blocks: 84033-84138, 84141-84992
  Free inodes: 20993-21248
Group 83: (Blocks 84993-86016)
  Block bitmap at 85176 (+183), Inode bitmap at 85177 (+184)
  Inode table at 84993-85056
  958 free blocks, 256 free inodes, 0 directories
  Free blocks: 85057-85175, 85178-86016
  Free inodes: 21249-21504
Group 84: (Blocks 86017-87040)
  Block bitmap at 86213 (+196), Inode bitmap at 86214 (+197)
  Inode table at 86017-86080
  958 free blocks, 256 free inodes, 0 directories
  Free blocks: 86081-86212, 86215-87040
  Free inodes: 21505-21760
Group 85: (Blocks 87041-88064)
  Block bitmap at 87250 (+209), Inode bitmap at 87251 (+210)
  Inode table at 87041-87104
  958 free blocks, 256 free inodes, 0 directories
  Free blocks: 87105-87249, 87252-88064
  Free inodes: 21761-22016
Group 86: (Blocks 88065-89088)
  Block bitmap at 88287 (+222), Inode bitmap at 88288 (+223)
  Inode table at 88065-88128
  958 free blocks, 256 free inodes, 0 directories
  Free blocks: 88129-88286, 88289-89088
  Free inodes: 22017-22272
Group 87: (Blocks 89089-90112)
  Block bitmap at 89324 (+235), Inode bitmap at 89325 (+236)
  Inode table at 89089-89152
  958 free blocks, 256 free inodes, 0 directories
  Free blocks: 89153-89323, 89326-90112
  Free inodes: 22273-22528
Group 88: (Blocks 90113-91136)
  Block bitmap at 90361 (+248), Inode bitmap at 90362 (+249)
  Inode table at 90113-90176
  958 free blocks, 256 free inodes, 0 directories
  Free blocks: 90177-90360, 90363-91136
  Free inodes: 22529-22784
Group 89: (Blocks 91137-92160)
  Block bitmap at 91398 (+261), Inode bitmap at 91399 (+262)
  Inode table at 91137-91200
  958 free blocks, 256 free inodes, 0 directories
  Free blocks: 91201-91397, 91400-92160
  Free inodes: 22785-23040
Group 90: (Blocks 92161-93184)
  Block bitmap at 92435 (+274), Inode bitmap at 92436 (+275)
  Inode table at 92161-92224
  958 free blocks, 256 free inodes, 0 directories
  Free blocks: 92225-92434, 92437-93184
  Free inodes: 23041-23296
Group 91: (Blocks 93185-94208)
  Block bitmap at 93472 (+287), Inode bitmap at 93473 (+288)
  Inode table at 93185-93248
  958 free blocks, 256 free inodes, 0 directories
  Free blocks: 93249-93471, 93474-94208
  Free inodes: 23297-23552
Group 92: (Blocks 94209-95232)
  Block bitmap at 94509 (+300), Inode bitmap at 94510 (+301)
  Inode table at 94209-94272
  958 free blocks, 256 free inodes, 0 directories
  Free blocks: 94273-94508, 94511-95232
  Free inodes: 23553-23808
Group 93: (Blocks 95233-96256)
  Block bitmap at 95546 (+313), Inode bitmap at 95547 (+314)
  Inode table at 95233-95296
  958 free blocks, 256 free inodes, 0 directories
  Free blocks: 95297-95545, 95548-96256
  Free inodes: 23809-24064
Group 94: (Blocks 96257-97280)
  Block bitmap at 96583 (+326), Inode bitmap at 96584 (+327)
  Inode table at 96257-96320
  958 free blocks, 256 free inodes, 0 directories
  Free blocks: 96321-96582, 96585-97280
  Free inodes: 24065-24320
Group 95: (Blocks 97281-98304)
  Block bitmap at 97620 (+339), Inode bitmap at 97621 (+340)
  Inode table at 97281-97344
  958 free blocks, 256 free inodes, 0 directories
  Free blocks: 97345-97619, 97622-98304
  Free inodes: 24321-24576
Group 96: (Blocks 98305-99328)
  Block bitmap at 98657 (+352), Inode bitmap at 98658 (+353)
  Inode table at 98305-98368
  958 free blocks, 256 free inodes, 0 directories
  Free blocks: 98369-98656, 98659-99328
  Free inodes: 24577-24832
Group 97: (Blocks 99329-100352)
  Block bitmap at 99694 (+365), Inode bitmap at 99695 (+366)
  Inode table at 99329-99392
  958 free blocks, 256 free inodes, 0 directories
  Free blocks: 99393-99693, 99696-100352
  Free inodes: 24833-25088
Group 98: (Blocks 100353-101376)
  Block bitmap at 100731 (+378), Inode bitmap at 100732 (+379)
  Inode table at 100353-100416
  958 free blocks, 256 free inodes, 0 directories
  Free blocks: 100417-100730, 100733-101376
  Free inodes: 25089-25344
Group 99: (Blocks 101377-102400)
  Block bitmap at 101768 (+391), Inode bitmap at 101769 (+392)
  Inode table at 101377-101440
  958 free blocks, 256 free inodes, 0 directories
  Free blocks: 101441-101767, 101770-102400
  Free inodes: 25345-25600
Group 100: (Blocks 102401-103424)
  Block bitmap at 102805 (+404), Inode bitmap at 102806 (+405)
  Inode table at 102401-102464
  958 free blocks, 256 free inodes, 0 directories
  Free blocks: 102465-102804, 102807-103424
  Free inodes: 25601-25856
Group 101: (Blocks 103425-104448)
  Block bitmap at 103842 (+417), Inode bitmap at 103843 (+418)
  Inode table at 103425-103488
  958 free blocks, 256 free inodes, 0 directories
  Free blocks: 103489-103841, 103844-104448
  Free inodes: 25857-26112
Group 102: (Blocks 104449-105472)
  Block bitmap at 104879 (+430), Inode bitmap at 104880 (+431)
  Inode table at 104449-104512
  958 free blocks, 256 free inodes, 0 directories
  Free blocks: 104513-104878, 104881-105472
  Free inodes: 26113-26368
Group 103: (Blocks 105473-106496)
  Block bitmap at 105916 (+443), Inode bitmap at 105917 (+444)
  Inode table at 105473-105536
  958 free blocks, 256 free inodes, 0 directories
  Free blocks: 105537-105915, 105918-106496
  Free inodes: 26369-26624
Group 104: (Blocks 106497-107520)
  Block bitmap at 106953 (+456), Inode bitmap at 106954 (+457)
  Inode table at 106497-106560
  958 free blocks, 256 free inodes, 0 directories
  Free blocks: 106561-106952, 106955-107520
  Free inodes: 26625-26880
Group 105: (Blocks 107521-108544)
  Block bitmap at 107990 (+469), Inode bitmap at 107991 (+470)
  Inode table at 107521-107584
  958 free blocks, 256 free inodes, 0 directories
  Free blocks: 107585-107989, 107992-108544
  Free inodes: 26881-27136
Group 106: (Blocks 108545-109568)
  Block bitmap at 109027 (+482), Inode bitmap at 109028 (+483)
  Inode table at 108545-108608
  958 free blocks, 256 free inodes, 0 directories
  Free blocks: 108609-109026, 109029-109568
  Free inodes: 27137-27392
Group 107: (Blocks 109569-110592)
  Block bitmap at 110064 (+495), Inode bitmap at 110065 (+496)
  Inode table at 109569-109632
  958 free blocks, 256 free inodes, 0 directories
  Free blocks: 109633-110063, 110066-110592
  Free inodes: 27393-27648
Group 108: (Blocks 110593-111616)
  Block bitmap at 111101 (+508), Inode bitmap at 111102 (+509)
  Inode table at 110593-110656
  958 free blocks, 256 free inodes, 0 directories
  Free blocks: 110657-111100, 111103-111616
  Free inodes: 27649-27904
Group 109: (Blocks 111617-112640)
  Block bitmap at 112138 (+521), Inode bitmap at 112139 (+522)
  Inode table at 111617-111680
  958 free blocks, 256 free inodes, 0 directories
  Free blocks: 111681-112137, 112140-112640
  Free inodes: 27905-28160
Group 110: (Blocks 112641-113664)
  Block bitmap at 113175 (+534), Inode bitmap at 113176 (+535)
  Inode table at 112641-112704
  958 free blocks, 256 free inodes, 0 directories
  Free blocks: 112705-113174, 113177-113664
  Free inodes: 28161-28416
Group 111: (Blocks 113665-114688)
  Block bitmap at 114212 (+547), Inode bitmap at 114213 (+548)
  Inode table at 113665-113728
  958 free blocks, 256 free inodes, 0 directories
  Free blocks: 113729-114211, 114214-114688
  Free inodes: 28417-28672
Group 112: (Blocks 114689-115712)
  Block bitmap at 115249 (+560), Inode bitmap at 115250 (+561)
  Inode table at 114689-114752
  958 free blocks, 256 free inodes, 0 directories
  Free blocks: 114753-115248, 115251-115712
  Free inodes: 28673-28928
Group 113: (Blocks 115713-116736)
  Block bitmap at 116286 (+573), Inode bitmap at 116287 (+574)
  Inode table at 115713-115776
  958 free blocks, 256 free inodes, 0 directories
  Free blocks: 115777-116285, 116288-116736
  Free inodes: 28929-29184
Group 114: (Blocks 116737-117760)
  Block bitmap at 117323 (+586), Inode bitmap at 117324 (+587)
  Inode table at 116737-116800
  958 free blocks, 256 free inodes, 0 directories
  Free blocks: 116801-117322, 117325-117760
  Free inodes: 29185-29440
Group 115: (Blocks 117761-118784)
  Block bitmap at 118360 (+599), Inode bitmap at 118361 (+600)
  Inode table at 117761-117824
  958 free blocks, 256 free inodes, 0 directories
  Free blocks: 117825-118359, 118362-118784
  Free inodes: 29441-29696
Group 116: (Blocks 118785-119808)
  Block bitmap at 119397 (+612), Inode bitmap at 119398 (+613)
  Inode table at 118785-118848
  958 free blocks, 256 free inodes, 0 directories
  Free blocks: 118849-119396, 119399-119808
  Free inodes: 29697-29952
Group 117: (Blocks 119809-120832)
  Block bitmap at 120434 (+625), Inode bitmap at 120435 (+626)
  Inode table at 119809-119872
  958 free blocks, 256 free inodes, 0 directories
  Free blocks: 119873-120433, 120436-120832
  Free inodes: 29953-30208
Group 118: (Blocks 120833-121856)
  Block bitmap at 121471 (+638), Inode bitmap at 121472 (+639)
  Inode table at 120833-120896
  958 free blocks, 256 free inodes, 0 directories
  Free blocks: 120897-121470, 121473-121856
  Free inodes: 30209-30464
Group 119: (Blocks 121857-122880)
  Block bitmap at 122508 (+651), Inode bitmap at 122509 (+652)
  Inode table at 121857-121920
  958 free blocks, 256 free inodes, 0 directories
  Free blocks: 121921-122507, 122510-122880
  Free inodes: 30465-30720
Group 120: (Blocks 122881-123904)
  Block bitmap at 123545 (+664), Inode bitmap at 123546 (+665)
  Inode table at 122881-122944
  958 free blocks, 256 free inodes, 0 directories
  Free blocks: 122945-123544, 123547-123904
  Free inodes: 30721-30976
Group 121: (Blocks 123905-124928)
  Block bitmap at 124582 (+677), Inode bitmap at 124583 (+678)
  Inode table at 123905-123968
  958 free blocks, 256 free inodes, 0 directories
  Free blocks: 123969-124581, 124584-124928
  Free inodes: 30977-31232
Group 122: (Blocks 124929-125952)
  Block bitmap at 125619 (+690), Inode bitmap at 125620 (+691)
  Inode table at 124929-124992
  958 free blocks, 256 free inodes, 0 directories
  Free blocks: 124993-125618, 125621-125952
  Free inodes: 31233-31488
Group 123: (Blocks 125953-126976)
  Block bitmap at 126656 (+703), Inode bitmap at 126657 (+704)
  Inode table at 125953-126016
  958 free blocks, 256 free inodes, 0 directories
  Free blocks: 126017-126655, 126658-126976
  Free inodes: 31489-31744
Group 124: (Blocks 126977-128000)
  Block bitmap at 127693 (+716), Inode bitmap at 127694 (+717)
  Inode table at 126977-127040
  958 free blocks, 256 free inodes, 0 directories
  Free blocks: 127041-127692, 127695-128000
  Free inodes: 31745-32000
Group 125: (Blocks 128001-129024)
  Backup superblock at 128001, Group descriptors at 128002-128005
  Reserved GDT blocks at 128006-128261
  Block bitmap at 128553 (+552), Inode bitmap at 128554 (+553)
  Inode table at 128262-128325 (+261)
  697 free blocks, 256 free inodes, 0 directories
  Free blocks: 128326-128552, 128555-129024
  Free inodes: 32001-32256
Group 126: (Blocks 129025-130048)
  Block bitmap at 129767 (+742), Inode bitmap at 129768 (+743)
  Inode table at 129025-129088
  958 free blocks, 256 free inodes, 0 directories
  Free blocks: 129089-129766, 129769-130048
  Free inodes: 32257-32512
Group 127: (Blocks 130049-131071)
  Block bitmap at 130805 (+756), Inode bitmap at 130806 (+757)
  Inode table at 130049-130112
  957 free blocks, 256 free inodes, 0 directories
  Free blocks: 130113-130804, 130807-131071
  Free inodes: 32513-32768
