Creating filesystem with 65536 1k blocks and 16384 inodes
Superblock backups stored on blocks: 
	8193, 16385, 24577, 32769, 40961, 49153, 57345

Allocating group tables:    done                            
Writing inode tables:    done                            
Writing superblocks and filesystem accounting information:    done

Filesystem features:(none)
Pass 1: Checking inodes, blocks, and sizes
Pass 2: Checking directory structure
Pass 3: Checking directory connectivity
Pass 4: Checking reference counts
Pass 5: Checking group summary information
test_filesys: 11/16384 files (0.0% non-contiguous), 4142/65536 blocks
Exit status is 0
Filesystem volume name:   <none>
Last mounted on:          <not available>
Filesystem magic number:  0xEF53
Filesystem revision #:    1 (dynamic)
Filesystem features:      (none)
Default mount options:    (none)
Filesystem state:         clean
Errors behavior:          Continue
Filesystem OS type:       Linux
Inode count:              16384
Block count:              65536
Reserved block count:     3276
Overhead clusters:        4129
Free blocks:              61394
Free inodes:              16373
First block:              1
Block size:               1024
Fragment size:            1024
Blocks per group:         8192
Fragments per group:      8192
Inodes per group:         2048
Inode blocks per group:   512
Mount count:              0
Check interval:           15552000 (6 months)
Reserved blocks uid:      0
Reserved blocks gid:      0
First inode:              11
Inode size:               256
Required extra isize:     32
Desired extra isize:      32
Default directory hash:   half_md4


Group 0: (Blocks 1-8192)
  Primary superblock at 1, Group descriptors at 2-2
  Block bitmap at 3 (+2), Inode bitmap at 4 (+3)
  Inode table at 5-516 (+4)
  7663 free blocks, 2037 free inodes, 2 directories
  Free blocks: 530-8192
  Free inodes: 12-2048
Group 1: (Blocks 8193-16384)
  Backup superblock at 8193, Group descriptors at 8194-8194
  Block bitmap at 8195 (+2), Inode bitmap at 8196 (+3)
  Inode table at 8197-8708 (+4)
  7676 free blocks, 2048 free inodes, 0 directories
  Free blocks: 8709-16384
  Free inodes: 2049-4096
Group 2: (Blocks 16385-24576)
  Backup superblock at 16385, Group descriptors at 16386-16386
  Block bitmap at 16387 (+2), Inode bitmap at 16388 (+3)
  Inode table at 16389-16900 (+4)
  7676 free blocks, 2048 free inodes, 0 directories
  Free blocks: 16901-24576
  Free inodes: 4097-6144
Group 3: (Blocks 24577-32768)
  Backup superblock at 24577, Group descriptors at 24578-24578
  Block bitmap at 24579 (+2), Inode bitmap at 24580 (+3)
  Inode table at 24581-25092 (+4)
  7676 free blocks, 2048 free inodes, 0 directories
  Free blocks: 25093-32768
  Free inodes: 6145-8192
Group 4: (Blocks 32769-40960)
  Backup superblock at 32769, Group descriptors at 32770-32770
  Block bitmap at 32771 (+2), Inode bitmap at 32772 (+3)
  Inode table at 32773-33284 (+4)
  7676 free blocks, 2048 free inodes, 0 directories
  Free blocks: 33285-40960
  Free inodes: 8193-10240
Group 5: (Blocks 40961-49152)
  Backup superblock at 40961, Group descriptors at 40962-40962
  Block bitmap at 40963 (+2), Inode bitmap at 40964 (+3)
  Inode table at 40965-41476 (+4)
  7676 free blocks, 2048 free inodes, 0 directories
  Free blocks: 41477-49152
  Free inodes: 10241-12288
Group 6: (Blocks 49153-57344)
  Backup superblock at 49153, Group descriptors at 49154-49154
  Block bitmap at 49155 (+2), Inode bitmap at 49156 (+3)
  Inode table at 49157-49668 (+4)
  7676 free blocks, 2048 free inodes, 0 directories
  Free blocks: 49669-57344
  Free inodes: 12289-14336
Group 7: (Blocks 57345-65535)
  Backup superblock at 57345, Group descriptors at 57346-57346
  Block bitmap at 57347 (+2), Inode bitmap at 57348 (+3)
  Inode table at 57349-57860 (+4)
  7675 free blocks, 2048 free inodes, 0 directories
  Free blocks: 57861-65535
  Free inodes: 14337-16384
