Filesystem label=
OS type: Linux
Block size=4096 (log=2)
Fragment size=4096 (log=2)
64 inodes, 16384 blocks
819 blocks (5.00%) reserved for the super user
First data block=0
1 block group
32768 blocks per group, 32768 fragments per group
64 inodes per group

Writing inode tables: done                            
Writing superblocks and filesystem accounting information: done

Filesystem features: filetype sparse_super
 
Pass 1: Checking inodes, blocks, and sizes
Pass 2: Checking directory structure
Pass 3: Checking directory connectivity
Pass 4: Checking reference counts
Pass 5: Checking group summary information
test_filesys: 11/64 files (0.0% non-contiguous), 11/16384 blocks
Exit status is 0

Filesystem volume name:   <none>
Last mounted on:          <not available>
Filesystem magic number:  0xEF53
Filesystem revision #:    1 (dynamic)
Filesystem features:      filetype sparse_super
Default mount options:    (none)
Filesystem state:         clean
Errors behavior:          Continue
Filesystem OS type:       Linux
Inode count:              64
Block count:              16384
Reserved block count:     819
Free blocks:              16373
Free inodes:              53
First block:              0
Block size:               4096
Fragment size:            4096
Blocks per group:         32768
Fragments per group:      32768
Inodes per group:         64
Inode blocks per group:   2
Mount count:              0
Check interval:           15552000 (6 months)
Reserved blocks uid:      0
Reserved blocks gid:      0
First inode:              11
Inode size:		  128
Default directory hash:   tea


Group 0: (Blocks 0-16383)
  Primary superblock at 0, Group descriptors at 1-1
  Block bitmap at 2 (+2), Inode bitmap at 3 (+3)
  Inode table at 4-5 (+4)
  16373 free blocks, 53 free inodes, 2 directories
  Free blocks: 11-16383
  Free inodes: 12-64
