Filesystem label=
OS type: Linux
Block size=2048 (log=1)
Fragment size=2048 (log=1)
16384 inodes, 32768 blocks
1638 blocks (5.00%) reserved for the super user
First data block=0
2 block groups
16384 blocks per group, 16384 fragments per group
8192 inodes per group
Superblock backups stored on blocks: 
	16384

Writing inode tables: done                            
Writing superblocks and filesystem accounting information: done

Filesystem features: filetype sparse_super
 
Pass 1: Checking inodes, blocks, and sizes
Pass 2: Checking directory structure
Pass 3: Checking directory connectivity
Pass 4: Checking reference counts
Pass 5: Checking group summary information
test_filesys: 11/16384 files (0.0% non-contiguous), 1041/32768 blocks
Exit status is 0

Filesystem volume name:   <none>
Last mounted on:          <not available>
Filesystem magic number:  0xEF53
Filesystem revision #:    1 (dynamic)
Filesystem features:      filetype sparse_super
Default mount options:    (none)
Filesystem state:         clean
Errors behavior:          Continue
Filesystem OS type:       Linux
Inode count:              16384
Block count:              32768
Reserved block count:     1638
Free blocks:              31727
Free inodes:              16373
First block:              0
Block size:               2048
Fragment size:            2048
Blocks per group:         16384
Fragments per group:      16384
Inodes per group:         8192
Inode blocks per group:   512
Mount count:              0
Check interval:           15552000 (6 months)
Reserved blocks uid:      0
Reserved blocks gid:      0
First inode:              11
Inode size:		  128
Default directory hash:   tea


Group 0: (Blocks 0-16383)
  Primary superblock at 0, Group descriptors at 1-1
  Block bitmap at 2 (+2), Inode bitmap at 3 (+3)
  Inode table at 4-515 (+4)
  15859 free blocks, 8181 free inodes, 2 directories
  Free blocks: 525-16383
  Free inodes: 12-8192
Group 1: (Blocks 16384-32767)
  Backup superblock at 16384, Group descriptors at 16385-16385
  Block bitmap at 16386 (+2), Inode bitmap at 16387 (+3)
  Inode table at 16388-16899 (+4)
  15868 free blocks, 8192 free inodes, 0 directories
  Free blocks: 16900-32767
  Free inodes: 8193-16384
